app/signup/page.tsx(39,58): error TS2345: Argument of type '{ name: string; email: string; password: string; risk_profile: "moderate"; }' is not assignable to parameter of type 'UserCreate'.
  Property 'preferred_channels' is missing in type '{ name: string; email: string; password: string; risk_profile: "moderate"; }' but required in type 'UserCreate'.
app/transactions/page.tsx(99,77): error TS2339: Property 'timestamp' does not exist on type 'TradeExecution'.
app/transactions/page.tsx(99,128): error TS2339: Property 'timestamp' does not exist on type 'TradeExecution'.
components/layout/AppSidebar.tsx(21,70): error TS2304: Cannot find name 'Sidebar'.
components/layout/AppSidebar.tsx(33,6): error TS2304: Cannot find name 'Sidebar'.
components/layout/AppSidebar.tsx(34,8): error TS2304: Cannot find name 'SidebarHeader'.
components/layout/AppSidebar.tsx(35,10): error TS2304: Cannot find name 'SidebarMenu'.
components/layout/AppSidebar.tsx(36,12): error TS2304: Cannot find name 'SidebarMenuItem'.
components/layout/AppSidebar.tsx(37,14): error TS2304: Cannot find name 'SidebarMenuButton'.
components/layout/AppSidebar.tsx(39,18): error TS2304: Cannot find name 'Sparkles'.
components/layout/AppSidebar.tsx(45,15): error TS2304: Cannot find name 'SidebarMenuButton'.
components/layout/AppSidebar.tsx(46,13): error TS2304: Cannot find name 'SidebarMenuItem'.
components/layout/AppSidebar.tsx(47,11): error TS2304: Cannot find name 'SidebarMenu'.
components/layout/AppSidebar.tsx(48,9): error TS2304: Cannot find name 'SidebarHeader'.
components/layout/AppSidebar.tsx(49,8): error TS2304: Cannot find name 'SidebarContent'.
components/layout/AppSidebar.tsx(50,10): error TS2304: Cannot find name 'SidebarGroup'.
components/layout/AppSidebar.tsx(51,12): error TS2304: Cannot find name 'SidebarGroupLabel'.
components/layout/AppSidebar.tsx(51,40): error TS2304: Cannot find name 'SidebarGroupLabel'.
components/layout/AppSidebar.tsx(52,12): error TS2304: Cannot find name 'SidebarGroupContent'.
components/layout/AppSidebar.tsx(53,14): error TS2304: Cannot find name 'SidebarMenu'.
components/layout/AppSidebar.tsx(54,16): error TS2304: Cannot find name 'SidebarMenuItem'.
components/layout/AppSidebar.tsx(55,18): error TS2304: Cannot find name 'SidebarMenuButton'.
components/layout/AppSidebar.tsx(57,22): error TS2304: Cannot find name 'LayoutDashboard'.
components/layout/AppSidebar.tsx(60,19): error TS2304: Cannot find name 'SidebarMenuButton'.
components/layout/AppSidebar.tsx(61,17): error TS2304: Cannot find name 'SidebarMenuItem'.
components/layout/AppSidebar.tsx(62,16): error TS2304: Cannot find name 'SidebarMenuItem'.
components/layout/AppSidebar.tsx(63,18): error TS2304: Cannot find name 'SidebarMenuButton'.
components/layout/AppSidebar.tsx(65,22): error TS2304: Cannot find name 'PieChart'.
components/layout/AppSidebar.tsx(68,19): error TS2304: Cannot find name 'SidebarMenuButton'.
components/layout/AppSidebar.tsx(69,17): error TS2304: Cannot find name 'SidebarMenuItem'.
components/layout/AppSidebar.tsx(70,16): error TS2304: Cannot find name 'SidebarMenuItem'.
components/layout/AppSidebar.tsx(71,18): error TS2304: Cannot find name 'SidebarMenuButton'.
components/layout/AppSidebar.tsx(73,22): error TS2304: Cannot find name 'LineChart'.
components/layout/AppSidebar.tsx(76,19): error TS2304: Cannot find name 'SidebarMenuButton'.
components/layout/AppSidebar.tsx(77,17): error TS2304: Cannot find name 'SidebarMenuItem'.
components/layout/AppSidebar.tsx(78,16): error TS2304: Cannot find name 'SidebarMenuItem'.
components/layout/AppSidebar.tsx(79,18): error TS2304: Cannot find name 'SidebarMenuButton'.
components/layout/AppSidebar.tsx(81,22): error TS2304: Cannot find name 'CreditCard'.
components/layout/AppSidebar.tsx(84,19): error TS2304: Cannot find name 'SidebarMenuButton'.
components/layout/AppSidebar.tsx(85,17): error TS2304: Cannot find name 'SidebarMenuItem'.
components/layout/AppSidebar.tsx(86,15): error TS2304: Cannot find name 'SidebarMenu'.
components/layout/AppSidebar.tsx(87,13): error TS2304: Cannot find name 'SidebarGroupContent'.
components/layout/AppSidebar.tsx(88,11): error TS2304: Cannot find name 'SidebarGroup'.
components/layout/AppSidebar.tsx(89,10): error TS2304: Cannot find name 'SidebarGroup'.
components/layout/AppSidebar.tsx(90,12): error TS2304: Cannot find name 'SidebarGroupLabel'.
components/layout/AppSidebar.tsx(90,39): error TS2304: Cannot find name 'SidebarGroupLabel'.
components/layout/AppSidebar.tsx(91,12): error TS2304: Cannot find name 'SidebarGroupContent'.
components/layout/AppSidebar.tsx(92,14): error TS2304: Cannot find name 'SidebarMenu'.
components/layout/AppSidebar.tsx(93,16): error TS2304: Cannot find name 'SidebarMenuItem'.
components/layout/AppSidebar.tsx(94,18): error TS2304: Cannot find name 'SidebarMenuButton'.
components/layout/AppSidebar.tsx(95,20): error TS2304: Cannot find name 'Wallet'.
components/layout/AppSidebar.tsx(97,19): error TS2304: Cannot find name 'SidebarMenuButton'.
components/layout/AppSidebar.tsx(98,17): error TS2304: Cannot find name 'SidebarMenuItem'.
components/layout/AppSidebar.tsx(99,16): error TS2304: Cannot find name 'SidebarMenuItem'.
components/layout/AppSidebar.tsx(100,18): error TS2304: Cannot find name 'SidebarMenuButton'.
components/layout/AppSidebar.tsx(101,20): error TS2304: Cannot find name 'TrendingUp'.
components/layout/AppSidebar.tsx(103,19): error TS2304: Cannot find name 'SidebarMenuButton'.
components/layout/AppSidebar.tsx(104,17): error TS2304: Cannot find name 'SidebarMenuItem'.
components/layout/AppSidebar.tsx(105,15): error TS2304: Cannot find name 'SidebarMenu'.
components/layout/AppSidebar.tsx(106,13): error TS2304: Cannot find name 'SidebarGroupContent'.
components/layout/AppSidebar.tsx(107,11): error TS2304: Cannot find name 'SidebarGroup'.
components/layout/AppSidebar.tsx(108,9): error TS2304: Cannot find name 'SidebarContent'.
components/layout/AppSidebar.tsx(109,8): error TS2304: Cannot find name 'SidebarFooter'.
components/layout/AppSidebar.tsx(110,10): error TS2304: Cannot find name 'SidebarMenu'.
components/layout/AppSidebar.tsx(111,12): error TS2304: Cannot find name 'SidebarMenuItem'.
components/layout/AppSidebar.tsx(114,18): error TS2304: Cannot find name 'SidebarMenuButton'.
components/layout/AppSidebar.tsx(128,20): error TS2304: Cannot find name 'MoreHorizontal'.
components/layout/AppSidebar.tsx(129,19): error TS2304: Cannot find name 'SidebarMenuButton'.
components/layout/AppSidebar.tsx(138,20): error TS2304: Cannot find name 'User'.
components/layout/AppSidebar.tsx(142,20): error TS2304: Cannot find name 'Settings'.
components/layout/AppSidebar.tsx(147,22): error TS2304: Cannot find name 'Sun'.
components/layout/AppSidebar.tsx(148,22): error TS2304: Cannot find name 'Moon'.
components/layout/AppSidebar.tsx(154,26): error TS2304: Cannot find name 'Sun'.
components/layout/AppSidebar.tsx(158,26): error TS2304: Cannot find name 'Moon'.
components/layout/AppSidebar.tsx(162,26): error TS2304: Cannot find name 'Laptop'.
components/layout/AppSidebar.tsx(169,20): error TS2304: Cannot find name 'LogOut'.
components/layout/AppSidebar.tsx(174,13): error TS2304: Cannot find name 'SidebarMenuItem'.
components/layout/AppSidebar.tsx(175,11): error TS2304: Cannot find name 'SidebarMenu'.
components/layout/AppSidebar.tsx(176,9): error TS2304: Cannot find name 'SidebarFooter'.
components/layout/AppSidebar.tsx(177,8): error TS2304: Cannot find name 'SidebarRail'.
components/layout/AppSidebar.tsx(178,7): error TS2304: Cannot find name 'Sidebar'.
